ARM Linker, 5.03 [Build 24] [MDK-ARM Standard]

==============================================================================

Section Cross References

    startup_stm32f10x_hd.o(RESET) refers to startup_stm32f10x_hd.o(.text) for Reset_Handler
    startup_stm32f10x_hd.o(RESET) refers to stm32f10x_it.o(.text) for NMI_Handler
    startup_stm32f10x_hd.o(.text) refers to startup_stm32f10x_hd.o(STACK) for __initial_sp
    startup_stm32f10x_hd.o(.text) refers to entry.o(.ARM.Collect$$$$00000000) for __main
    main.o(.text) refers to stm32f10x_rcc.o(.text) for RCC_APB2PeriphClockCmd
    main.o(.text) refers to stm32f10x_gpio.o(.text) for GPIO_PinRemapConfig
    main.o(.text) refers to rc522.o(.text) for PcdRequest
    main.o(.text) refers to printf8.o(i.__0printf$8) for __2printf
    main.o(.text) refers to agv_pwm.o(.text) for motorQZ_control
    main.o(.text) refers to main.o(.data) for HighSysTick
    main.o(.text) refers to main.o(.bss) for CT
    main.o(.text) refers to stm32f10x_usart.o(.text) for USART_SendData
    main.o(.text) refers to led.o(.text) for BOOT1_ReleaseToGPIO
    main.o(.text) refers to system_stm32f10x.o(.text) for SystemInit
    main.o(.text) refers to usart1.o(.text) for USART1_Config
    main.o(.text) refers to systick.o(.text) for SysTick_Init
    main.o(.text) refers to time_test.o(.text) for TIM3_NVIC_Configuration
    stm32f10x_it.o(.text) refers to stm32f10x_gpio.o(.text) for GPIO_ResetBits
    stm32f10x_it.o(.text) refers to stm32f10x_usart.o(.text) for USART_GetFlagStatus
    stm32f10x_it.o(.text) refers to stm32f10x_rcc.o(.text) for RCC_APB1PeriphClockCmd
    stm32f10x_it.o(.text) refers to stm32f10x_tim.o(.text) for TIM_Cmd
    stm32f10x_it.o(.text) refers to printf8.o(i.__0printf$8) for __2printf
    stm32f10x_it.o(.text) refers to stm32f10x_it.o(.data) for flag1
    stm32f10x_it.o(.text) refers to main.o(.data) for SysTickCountFlag
    stm32f10x_it.o(.text) refers to main.o(.bss) for USART_RX_BUF_LINK
    usart1.o(.text) refers to stm32f10x_rcc.o(.text) for RCC_APB2PeriphClockCmd
    usart1.o(.text) refers to stm32f10x_gpio.o(.text) for GPIO_Init
    usart1.o(.text) refers to stm32f10x_usart.o(.text) for USART_Init
    usart1.o(.text) refers to misc.o(.text) for NVIC_PriorityGroupConfig
    usart1.o(.text) refers to main.o(.data) for GetData
    adc.o(.text) refers to stm32f10x_rcc.o(.text) for RCC_APB2PeriphClockCmd
    adc.o(.text) refers to stm32f10x_gpio.o(.text) for GPIO_Init
    adc.o(.text) refers to stm32f10x_dma.o(.text) for DMA_DeInit
    adc.o(.text) refers to stm32f10x_adc.o(.text) for ADC_Init
    adc.o(.text) refers to adc.o(.data) for ADC_ConvertedValue
    led.o(.text) refers to stm32f10x_rcc.o(.text) for RCC_APB2PeriphClockCmd
    led.o(.text) refers to stm32f10x_gpio.o(.text) for GPIO_Init
    agv_pwm.o(.text) refers to stm32f10x_rcc.o(.text) for RCC_APB2PeriphClockCmd
    agv_pwm.o(.text) refers to stm32f10x_gpio.o(.text) for GPIO_Init
    agv_pwm.o(.text) refers to stm32f10x_tim.o(.text) for TIM_TimeBaseInit
    rc522.o(.text) refers to stm32f10x_spi.o(.text) for SPI_I2S_GetFlagStatus
    rc522.o(.text) refers to stm32f10x_rcc.o(.text) for RCC_APB2PeriphClockCmd
    rc522.o(.text) refers to stm32f10x_gpio.o(.text) for GPIO_Init
    systick.o(.text) refers to stm32f10x_gpio.o(.text) for GPIO_SetBits
    systick.o(.text) refers to system_stm32f10x.o(.constdata) for SystemFrequency
    systick.o(.text) refers to systick.o(.data) for TimingDelay
    time_test.o(.text) refers to misc.o(.text) for NVIC_PriorityGroupConfig
    time_test.o(.text) refers to stm32f10x_rcc.o(.text) for RCC_APB1PeriphClockCmd
    time_test.o(.text) refers to stm32f10x_tim.o(.text) for TIM_DeInit
    stm32f10x_gpio.o(.text) refers to stm32f10x_rcc.o(.text) for RCC_APB2PeriphResetCmd
    stm32f10x_rcc.o(.text) refers to stm32f10x_rcc.o(.data) for APBAHBPrescTable
    stm32f10x_usart.o(.text) refers to stm32f10x_rcc.o(.text) for RCC_APB2PeriphResetCmd
    stm32f10x_adc.o(.text) refers to stm32f10x_rcc.o(.text) for RCC_APB2PeriphResetCmd
    stm32f10x_tim.o(.text) refers to stm32f10x_rcc.o(.text) for RCC_APB2PeriphResetCmd
    stm32f10x_bkp.o(.text) refers to stm32f10x_rcc.o(.text) for RCC_BackupResetCmd
    stm32f10x_spi.o(.text) refers to stm32f10x_rcc.o(.text) for RCC_APB2PeriphResetCmd
    entry.o(.ARM.Collect$$$$00000000) refers (Special) to entry10a.o(.ARM.Collect$$$$0000000D) for __rt_final_cpp
    entry.o(.ARM.Collect$$$$00000000) refers (Special) to entry11a.o(.ARM.Collect$$$$0000000F) for __rt_final_exit
    entry.o(.ARM.Collect$$$$00000000) refers (Special) to entry7b.o(.ARM.Collect$$$$00000008) for _main_clock
    entry.o(.ARM.Collect$$$$00000000) refers (Special) to entry8b.o(.ARM.Collect$$$$0000000A) for _main_cpp_init
    entry.o(.ARM.Collect$$$$00000000) refers (Special) to entry9a.o(.ARM.Collect$$$$0000000B) for _main_init
    entry.o(.ARM.Collect$$$$00000000) refers (Special) to entry5.o(.ARM.Collect$$$$00000004) for _main_scatterload
    entry.o(.ARM.Collect$$$$00000000) refers (Special) to entry2.o(.ARM.Collect$$$$00000001) for _main_stk
    printfb.o(i.__0fprintf$bare) refers to printfb.o(i._printf_core) for _printf_core
    printfb.o(i.__0fprintf$bare) refers to usart1.o(.text) for fputc
    printfb.o(i.__0printf$bare) refers to printfb.o(i._printf_core) for _printf_core
    printfb.o(i.__0printf$bare) refers to usart1.o(.text) for fputc
    printfb.o(i.__0printf$bare) refers to stdout.o(.data) for __stdout
    printfb.o(i.__0snprintf$bare) refers to printfb.o(i._printf_core) for _printf_core
    printfb.o(i.__0snprintf$bare) refers to printfb.o(i._snputc) for _snputc
    printfb.o(i.__0sprintf$bare) refers to printfb.o(i._printf_core) for _printf_core
    printfb.o(i.__0sprintf$bare) refers to printfb.o(i._sputc) for _sputc
    printfb.o(i.__0vfprintf$bare) refers to printfb.o(i._printf_core) for _printf_core
    printfb.o(i.__0vfprintf$bare) refers to usart1.o(.text) for fputc
    printfb.o(i.__0vprintf$bare) refers to printfb.o(i._printf_core) for _printf_core
    printfb.o(i.__0vprintf$bare) refers to usart1.o(.text) for fputc
    printfb.o(i.__0vprintf$bare) refers to stdout.o(.data) for __stdout
    printfb.o(i.__0vsnprintf$bare) refers to printfb.o(i._printf_core) for _printf_core
    printfb.o(i.__0vsnprintf$bare) refers to printfb.o(i._snputc) for _snputc
    printfb.o(i.__0vsprintf$bare) refers to printfb.o(i._printf_core) for _printf_core
    printfb.o(i.__0vsprintf$bare) refers to printfb.o(i._sputc) for _sputc
    printf0.o(i.__0fprintf$0) refers to printf0.o(i._printf_core) for _printf_core
    printf0.o(i.__0fprintf$0) refers to usart1.o(.text) for fputc
    printf0.o(i.__0printf$0) refers to printf0.o(i._printf_core) for _printf_core
    printf0.o(i.__0printf$0) refers to usart1.o(.text) for fputc
    printf0.o(i.__0printf$0) refers to stdout.o(.data) for __stdout
    printf0.o(i.__0snprintf$0) refers to printf0.o(i._printf_core) for _printf_core
    printf0.o(i.__0snprintf$0) refers to printf0.o(i._snputc) for _snputc
    printf0.o(i.__0sprintf$0) refers to printf0.o(i._printf_core) for _printf_core
    printf0.o(i.__0sprintf$0) refers to printf0.o(i._sputc) for _sputc
    printf0.o(i.__0vfprintf$0) refers to printf0.o(i._printf_core) for _printf_core
    printf0.o(i.__0vfprintf$0) refers to usart1.o(.text) for fputc
    printf0.o(i.__0vprintf$0) refers to printf0.o(i._printf_core) for _printf_core
    printf0.o(i.__0vprintf$0) refers to usart1.o(.text) for fputc
    printf0.o(i.__0vprintf$0) refers to stdout.o(.data) for __stdout
    printf0.o(i.__0vsnprintf$0) refers to printf0.o(i._printf_core) for _printf_core
    printf0.o(i.__0vsnprintf$0) refers to printf0.o(i._snputc) for _snputc
    printf0.o(i.__0vsprintf$0) refers to printf0.o(i._printf_core) for _printf_core
    printf0.o(i.__0vsprintf$0) refers to printf0.o(i._sputc) for _sputc
    printf1.o(i.__0fprintf$1) refers to printf1.o(i._printf_core) for _printf_core
    printf1.o(i.__0fprintf$1) refers to usart1.o(.text) for fputc
    printf1.o(i.__0printf$1) refers to printf1.o(i._printf_core) for _printf_core
    printf1.o(i.__0printf$1) refers to usart1.o(.text) for fputc
    printf1.o(i.__0printf$1) refers to stdout.o(.data) for __stdout
    printf1.o(i.__0snprintf$1) refers to printf1.o(i._printf_core) for _printf_core
    printf1.o(i.__0snprintf$1) refers to printf1.o(i._snputc) for _snputc
    printf1.o(i.__0sprintf$1) refers to printf1.o(i._printf_core) for _printf_core
    printf1.o(i.__0sprintf$1) refers to printf1.o(i._sputc) for _sputc
    printf1.o(i.__0vfprintf$1) refers to printf1.o(i._printf_core) for _printf_core
    printf1.o(i.__0vfprintf$1) refers to usart1.o(.text) for fputc
    printf1.o(i.__0vprintf$1) refers to printf1.o(i._printf_core) for _printf_core
    printf1.o(i.__0vprintf$1) refers to usart1.o(.text) for fputc
    printf1.o(i.__0vprintf$1) refers to stdout.o(.data) for __stdout
    printf1.o(i.__0vsnprintf$1) refers to printf1.o(i._printf_core) for _printf_core
    printf1.o(i.__0vsnprintf$1) refers to printf1.o(i._snputc) for _snputc
    printf1.o(i.__0vsprintf$1) refers to printf1.o(i._printf_core) for _printf_core
    printf1.o(i.__0vsprintf$1) refers to printf1.o(i._sputc) for _sputc
    printf1.o(i._printf_core) refers to uidiv.o(.text) for __aeabi_uidivmod
    printf2.o(i.__0fprintf$2) refers to printf2.o(i._printf_core) for _printf_core
    printf2.o(i.__0fprintf$2) refers to usart1.o(.text) for fputc
    printf2.o(i.__0printf$2) refers to printf2.o(i._printf_core) for _printf_core
    printf2.o(i.__0printf$2) refers to usart1.o(.text) for fputc
    printf2.o(i.__0printf$2) refers to stdout.o(.data) for __stdout
    printf2.o(i.__0snprintf$2) refers to printf2.o(i._printf_core) for _printf_core
    printf2.o(i.__0snprintf$2) refers to printf2.o(i._snputc) for _snputc
    printf2.o(i.__0sprintf$2) refers to printf2.o(i._printf_core) for _printf_core
    printf2.o(i.__0sprintf$2) refers to printf2.o(i._sputc) for _sputc
    printf2.o(i.__0vfprintf$2) refers to printf2.o(i._printf_core) for _printf_core
    printf2.o(i.__0vfprintf$2) refers to usart1.o(.text) for fputc
    printf2.o(i.__0vprintf$2) refers to printf2.o(i._printf_core) for _printf_core
    printf2.o(i.__0vprintf$2) refers to usart1.o(.text) for fputc
    printf2.o(i.__0vprintf$2) refers to stdout.o(.data) for __stdout
    printf2.o(i.__0vsnprintf$2) refers to printf2.o(i._printf_core) for _printf_core
    printf2.o(i.__0vsnprintf$2) refers to printf2.o(i._snputc) for _snputc
    printf2.o(i.__0vsprintf$2) refers to printf2.o(i._printf_core) for _printf_core
    printf2.o(i.__0vsprintf$2) refers to printf2.o(i._sputc) for _sputc
    printf3.o(i.__0fprintf$3) refers to printf3.o(i._printf_core) for _printf_core
    printf3.o(i.__0fprintf$3) refers to usart1.o(.text) for fputc
    printf3.o(i.__0printf$3) refers to printf3.o(i._printf_core) for _printf_core
    printf3.o(i.__0printf$3) refers to usart1.o(.text) for fputc
    printf3.o(i.__0printf$3) refers to stdout.o(.data) for __stdout
    printf3.o(i.__0snprintf$3) refers to printf3.o(i._printf_core) for _printf_core
    printf3.o(i.__0snprintf$3) refers to printf3.o(i._snputc) for _snputc
    printf3.o(i.__0sprintf$3) refers to printf3.o(i._printf_core) for _printf_core
    printf3.o(i.__0sprintf$3) refers to printf3.o(i._sputc) for _sputc
    printf3.o(i.__0vfprintf$3) refers to printf3.o(i._printf_core) for _printf_core
    printf3.o(i.__0vfprintf$3) refers to usart1.o(.text) for fputc
    printf3.o(i.__0vprintf$3) refers to printf3.o(i._printf_core) for _printf_core
    printf3.o(i.__0vprintf$3) refers to usart1.o(.text) for fputc
    printf3.o(i.__0vprintf$3) refers to stdout.o(.data) for __stdout
    printf3.o(i.__0vsnprintf$3) refers to printf3.o(i._printf_core) for _printf_core
    printf3.o(i.__0vsnprintf$3) refers to printf3.o(i._snputc) for _snputc
    printf3.o(i.__0vsprintf$3) refers to printf3.o(i._printf_core) for _printf_core
    printf3.o(i.__0vsprintf$3) refers to printf3.o(i._sputc) for _sputc
    printf3.o(i._printf_core) refers to uidiv.o(.text) for __aeabi_uidivmod
    printf4.o(i.__0fprintf$4) refers to printf4.o(i._printf_core) for _printf_core
    printf4.o(i.__0fprintf$4) refers to usart1.o(.text) for fputc
    printf4.o(i.__0printf$4) refers to printf4.o(i._printf_core) for _printf_core
    printf4.o(i.__0printf$4) refers to usart1.o(.text) for fputc
    printf4.o(i.__0printf$4) refers to stdout.o(.data) for __stdout
    printf4.o(i.__0snprintf$4) refers to printf4.o(i._printf_core) for _printf_core
    printf4.o(i.__0snprintf$4) refers to printf4.o(i._snputc) for _snputc
    printf4.o(i.__0sprintf$4) refers to printf4.o(i._printf_core) for _printf_core
    printf4.o(i.__0sprintf$4) refers to printf4.o(i._sputc) for _sputc
    printf4.o(i.__0vfprintf$4) refers to printf4.o(i._printf_core) for _printf_core
    printf4.o(i.__0vfprintf$4) refers to usart1.o(.text) for fputc
    printf4.o(i.__0vprintf$4) refers to printf4.o(i._printf_core) for _printf_core
    printf4.o(i.__0vprintf$4) refers to usart1.o(.text) for fputc
    printf4.o(i.__0vprintf$4) refers to stdout.o(.data) for __stdout
    printf4.o(i.__0vsnprintf$4) refers to printf4.o(i._printf_core) for _printf_core
    printf4.o(i.__0vsnprintf$4) refers to printf4.o(i._snputc) for _snputc
    printf4.o(i.__0vsprintf$4) refers to printf4.o(i._printf_core) for _printf_core
    printf4.o(i.__0vsprintf$4) refers to printf4.o(i._sputc) for _sputc
    printf4.o(i._printf_core) refers to uldiv.o(.text) for __aeabi_uldivmod
    printf5.o(i.__0fprintf$5) refers to printf5.o(i._printf_core) for _printf_core
    printf5.o(i.__0fprintf$5) refers to usart1.o(.text) for fputc
    printf5.o(i.__0printf$5) refers to printf5.o(i._printf_core) for _printf_core
    printf5.o(i.__0printf$5) refers to usart1.o(.text) for fputc
    printf5.o(i.__0printf$5) refers to stdout.o(.data) for __stdout
    printf5.o(i.__0snprintf$5) refers to printf5.o(i._printf_core) for _printf_core
    printf5.o(i.__0snprintf$5) refers to printf5.o(i._snputc) for _snputc
    printf5.o(i.__0sprintf$5) refers to printf5.o(i._printf_core) for _printf_core
    printf5.o(i.__0sprintf$5) refers to printf5.o(i._sputc) for _sputc
    printf5.o(i.__0vfprintf$5) refers to printf5.o(i._printf_core) for _printf_core
    printf5.o(i.__0vfprintf$5) refers to usart1.o(.text) for fputc
    printf5.o(i.__0vprintf$5) refers to printf5.o(i._printf_core) for _printf_core
    printf5.o(i.__0vprintf$5) refers to usart1.o(.text) for fputc
    printf5.o(i.__0vprintf$5) refers to stdout.o(.data) for __stdout
    printf5.o(i.__0vsnprintf$5) refers to printf5.o(i._printf_core) for _printf_core
    printf5.o(i.__0vsnprintf$5) refers to printf5.o(i._snputc) for _snputc
    printf5.o(i.__0vsprintf$5) refers to printf5.o(i._printf_core) for _printf_core
    printf5.o(i.__0vsprintf$5) refers to printf5.o(i._sputc) for _sputc
    printf5.o(i._printf_core) refers to uldiv.o(.text) for __aeabi_uldivmod
    printf6.o(i.__0fprintf$6) refers to printf6.o(i._printf_core) for _printf_core
    printf6.o(i.__0fprintf$6) refers to usart1.o(.text) for fputc
    printf6.o(i.__0printf$6) refers to printf6.o(i._printf_core) for _printf_core
    printf6.o(i.__0printf$6) refers to usart1.o(.text) for fputc
    printf6.o(i.__0printf$6) refers to stdout.o(.data) for __stdout
    printf6.o(i.__0snprintf$6) refers to printf6.o(i._printf_core) for _printf_core
    printf6.o(i.__0snprintf$6) refers to printf6.o(i._snputc) for _snputc
    printf6.o(i.__0sprintf$6) refers to printf6.o(i._printf_core) for _printf_core
    printf6.o(i.__0sprintf$6) refers to printf6.o(i._sputc) for _sputc
    printf6.o(i.__0vfprintf$6) refers to printf6.o(i._printf_core) for _printf_core
    printf6.o(i.__0vfprintf$6) refers to usart1.o(.text) for fputc
    printf6.o(i.__0vprintf$6) refers to printf6.o(i._printf_core) for _printf_core
    printf6.o(i.__0vprintf$6) refers to usart1.o(.text) for fputc
    printf6.o(i.__0vprintf$6) refers to stdout.o(.data) for __stdout
    printf6.o(i.__0vsnprintf$6) refers to printf6.o(i._printf_core) for _printf_core
    printf6.o(i.__0vsnprintf$6) refers to printf6.o(i._snputc) for _snputc
    printf6.o(i.__0vsprintf$6) refers to printf6.o(i._printf_core) for _printf_core
    printf6.o(i.__0vsprintf$6) refers to printf6.o(i._sputc) for _sputc
    printf6.o(i._printf_core) refers to printf6.o(i._printf_pre_padding) for _printf_pre_padding
    printf6.o(i._printf_core) refers to uidiv.o(.text) for __aeabi_uidivmod
    printf6.o(i._printf_core) refers to printf6.o(i._printf_post_padding) for _printf_post_padding
    printf7.o(i.__0fprintf$7) refers to printf7.o(i._printf_core) for _printf_core
    printf7.o(i.__0fprintf$7) refers to usart1.o(.text) for fputc
    printf7.o(i.__0printf$7) refers to printf7.o(i._printf_core) for _printf_core
    printf7.o(i.__0printf$7) refers to usart1.o(.text) for fputc
    printf7.o(i.__0printf$7) refers to stdout.o(.data) for __stdout
    printf7.o(i.__0snprintf$7) refers to printf7.o(i._printf_core) for _printf_core
    printf7.o(i.__0snprintf$7) refers to printf7.o(i._snputc) for _snputc
    printf7.o(i.__0sprintf$7) refers to printf7.o(i._printf_core) for _printf_core
    printf7.o(i.__0sprintf$7) refers to printf7.o(i._sputc) for _sputc
    printf7.o(i.__0vfprintf$7) refers to printf7.o(i._printf_core) for _printf_core
    printf7.o(i.__0vfprintf$7) refers to usart1.o(.text) for fputc
    printf7.o(i.__0vprintf$7) refers to printf7.o(i._printf_core) for _printf_core
    printf7.o(i.__0vprintf$7) refers to usart1.o(.text) for fputc
    printf7.o(i.__0vprintf$7) refers to stdout.o(.data) for __stdout
    printf7.o(i.__0vsnprintf$7) refers to printf7.o(i._printf_core) for _printf_core
    printf7.o(i.__0vsnprintf$7) refers to printf7.o(i._snputc) for _snputc
    printf7.o(i.__0vsprintf$7) refers to printf7.o(i._printf_core) for _printf_core
    printf7.o(i.__0vsprintf$7) refers to printf7.o(i._sputc) for _sputc
    printf7.o(i._printf_core) refers to printf7.o(i._printf_pre_padding) for _printf_pre_padding
    printf7.o(i._printf_core) refers to uldiv.o(.text) for __aeabi_uldivmod
    printf7.o(i._printf_core) refers to printf7.o(i._printf_post_padding) for _printf_post_padding
    printf8.o(i.__0fprintf$8) refers to printf8.o(i._printf_core) for _printf_core
    printf8.o(i.__0fprintf$8) refers to usart1.o(.text) for fputc
    printf8.o(i.__0printf$8) refers to printf8.o(i._printf_core) for _printf_core
    printf8.o(i.__0printf$8) refers to usart1.o(.text) for fputc
    printf8.o(i.__0printf$8) refers to stdout.o(.data) for __stdout
    printf8.o(i.__0snprintf$8) refers to printf8.o(i._printf_core) for _printf_core
    printf8.o(i.__0snprintf$8) refers to printf8.o(i._snputc) for _snputc
    printf8.o(i.__0sprintf$8) refers to printf8.o(i._printf_core) for _printf_core
    printf8.o(i.__0sprintf$8) refers to printf8.o(i._sputc) for _sputc
    printf8.o(i.__0vfprintf$8) refers to printf8.o(i._printf_core) for _printf_core
    printf8.o(i.__0vfprintf$8) refers to usart1.o(.text) for fputc
    printf8.o(i.__0vprintf$8) refers to printf8.o(i._printf_core) for _printf_core
    printf8.o(i.__0vprintf$8) refers to usart1.o(.text) for fputc
    printf8.o(i.__0vprintf$8) refers to stdout.o(.data) for __stdout
    printf8.o(i.__0vsnprintf$8) refers to printf8.o(i._printf_core) for _printf_core
    printf8.o(i.__0vsnprintf$8) refers to printf8.o(i._snputc) for _snputc
    printf8.o(i.__0vsprintf$8) refers to printf8.o(i._printf_core) for _printf_core
    printf8.o(i.__0vsprintf$8) refers to printf8.o(i._sputc) for _sputc
    printf8.o(i._printf_core) refers to printf8.o(i._printf_pre_padding) for _printf_pre_padding
    printf8.o(i._printf_core) refers to uldiv.o(.text) for __aeabi_uldivmod
    printf8.o(i._printf_core) refers to printf8.o(i._printf_post_padding) for _printf_post_padding
    printfa.o(i.__0fprintf) refers (Special) to iusefp.o(.text) for __I$use$fp
    printfa.o(i.__0fprintf) refers to printfa.o(i._printf_core) for _printf_core
    printfa.o(i.__0fprintf) refers to usart1.o(.text) for fputc
    printfa.o(i.__0printf) refers (Special) to iusefp.o(.text) for __I$use$fp
    printfa.o(i.__0printf) refers to printfa.o(i._printf_core) for _printf_core
    printfa.o(i.__0printf) refers to usart1.o(.text) for fputc
    printfa.o(i.__0printf) refers to stdout.o(.data) for __stdout
    printfa.o(i.__0snprintf) refers (Special) to iusefp.o(.text) for __I$use$fp
    printfa.o(i.__0snprintf) refers to printfa.o(i._printf_core) for _printf_core
    printfa.o(i.__0snprintf) refers to printfa.o(i._snputc) for _snputc
    printfa.o(i.__0sprintf) refers (Special) to iusefp.o(.text) for __I$use$fp
    printfa.o(i.__0sprintf) refers to printfa.o(i._printf_core) for _printf_core
    printfa.o(i.__0sprintf) refers to printfa.o(i._sputc) for _sputc
    printfa.o(i.__0vfprintf) refers (Special) to iusefp.o(.text) for __I$use$fp
    printfa.o(i.__0vfprintf) refers to printfa.o(i._printf_core) for _printf_core
    printfa.o(i.__0vfprintf) refers to usart1.o(.text) for fputc
    printfa.o(i.__0vprintf) refers (Special) to iusefp.o(.text) for __I$use$fp
    printfa.o(i.__0vprintf) refers to printfa.o(i._printf_core) for _printf_core
    printfa.o(i.__0vprintf) refers to usart1.o(.text) for fputc
    printfa.o(i.__0vprintf) refers to stdout.o(.data) for __stdout
    printfa.o(i.__0vsnprintf) refers (Special) to iusefp.o(.text) for __I$use$fp
    printfa.o(i.__0vsnprintf) refers to printfa.o(i._printf_core) for _printf_core
    printfa.o(i.__0vsnprintf) refers to printfa.o(i._snputc) for _snputc
    printfa.o(i.__0vsprintf) refers (Special) to iusefp.o(.text) for __I$use$fp
    printfa.o(i.__0vsprintf) refers to printfa.o(i._printf_core) for _printf_core
    printfa.o(i.__0vsprintf) refers to printfa.o(i._sputc) for _sputc
    printfa.o(i._fp_digits) refers (Special) to iusefp.o(.text) for __I$use$fp
    printfa.o(i._fp_digits) refers to dmul.o(.text) for __aeabi_dmul
    printfa.o(i._fp_digits) refers to ddiv.o(.text) for __aeabi_ddiv
    printfa.o(i._fp_digits) refers to cdrcmple.o(.text) for __aeabi_cdrcmple
    printfa.o(i._fp_digits) refers to dadd.o(.text) for __aeabi_dadd
    printfa.o(i._fp_digits) refers to dfixul.o(.text) for __aeabi_d2ulz
    printfa.o(i._fp_digits) refers to uldiv.o(.text) for __aeabi_uldivmod
    printfa.o(i._printf_core) refers (Special) to iusefp.o(.text) for __I$use$fp
    printfa.o(i._printf_core) refers to printfa.o(i._printf_pre_padding) for _printf_pre_padding
    printfa.o(i._printf_core) refers to uldiv.o(.text) for __aeabi_uldivmod
    printfa.o(i._printf_core) refers to printfa.o(i._printf_post_padding) for _printf_post_padding
    printfa.o(i._printf_core) refers to printfa.o(i._fp_digits) for _fp_digits
    printfa.o(i._printf_core) refers to uidiv.o(.text) for __aeabi_uidivmod
    printfa.o(i._printf_post_padding) refers (Special) to iusefp.o(.text) for __I$use$fp
    printfa.o(i._printf_pre_padding) refers (Special) to iusefp.o(.text) for __I$use$fp
    printfa.o(i._snputc) refers (Special) to iusefp.o(.text) for __I$use$fp
    printfa.o(i._sputc) refers (Special) to iusefp.o(.text) for __I$use$fp
    entry2.o(.ARM.Collect$$$$00000001) refers to entry2.o(.ARM.Collect$$$$00002712) for __lit__00000000
    entry2.o(.ARM.Collect$$$$00002712) refers to startup_stm32f10x_hd.o(STACK) for __initial_sp
    entry2.o(__vectab_stack_and_reset_area) refers to startup_stm32f10x_hd.o(STACK) for __initial_sp
    entry2.o(__vectab_stack_and_reset_area) refers to entry.o(.ARM.Collect$$$$00000000) for __main
    entry5.o(.ARM.Collect$$$$00000004) refers to init.o(.text) for __scatterload
    entry9a.o(.ARM.Collect$$$$0000000B) refers to main.o(.text) for main
    entry9b.o(.ARM.Collect$$$$0000000C) refers to main.o(.text) for main
    uldiv.o(.text) refers to llushr.o(.text) for __aeabi_llsr
    uldiv.o(.text) refers to llshl.o(.text) for __aeabi_llsl
    dadd.o(.text) refers to llshl.o(.text) for __aeabi_llsl
    dadd.o(.text) refers to llsshr.o(.text) for __aeabi_lasr
    dadd.o(.text) refers to depilogue.o(.text) for _double_epilogue
    dmul.o(.text) refers to depilogue.o(.text) for _double_epilogue
    ddiv.o(.text) refers to depilogue.o(.text) for _double_round
    dfixul.o(.text) refers to llushr.o(.text) for __aeabi_llsr
    dfixul.o(.text) refers to llshl.o(.text) for __aeabi_llsl
    init.o(.text) refers to entry5.o(.ARM.Collect$$$$00000004) for __main_after_scatterload
    depilogue.o(.text) refers to llshl.o(.text) for __aeabi_llsl
    depilogue.o(.text) refers to llushr.o(.text) for __aeabi_llsr


==============================================================================

Removing Unused input sections from the image.

    Removing startup_stm32f10x_hd.o(HEAP), (0 bytes).
    Removing adc.o(.text), (288 bytes).
    Removing adc.o(.data), (2 bytes).
    Removing stm32f10x_adc.o(.text), (1072 bytes).
    Removing stm32f10x_dma.o(.text), (572 bytes).
    Removing stm32f10x_flash.o(.text), (1324 bytes).
    Removing stm32f10x_bkp.o(.text), (164 bytes).
    Removing core_cm3.o(.emb_text), (32 bytes).
    Removing system_stm32f10x.o(.data), (4 bytes).
    Removing dadd.o(.text), (334 bytes).
    Removing dmul.o(.text), (228 bytes).
    Removing ddiv.o(.text), (222 bytes).
    Removing dfixul.o(.text), (48 bytes).
    Removing cdrcmple.o(.text), (40 bytes).
    Removing depilogue.o(.text), (190 bytes).

15 unused section(s) (total 4520 bytes) removed from the image.

==============================================================================

Image Symbol Table

    Local Symbols

    Symbol Name                              Value     Ov Type        Size  Object(Section)

    ../clib/microlib/division.c              0x00000000   Number         0  uldiv.o ABSOLUTE
    ../clib/microlib/division.c              0x00000000   Number         0  uidiv.o ABSOLUTE
    ../clib/microlib/init/entry.s            0x00000000   Number         0  entry2.o ABSOLUTE
    ../clib/microlib/init/entry.s            0x00000000   Number         0  entry7b.o ABSOLUTE
    ../clib/microlib/init/entry.s            0x00000000   Number         0  entry10a.o ABSOLUTE
    ../clib/microlib/init/entry.s            0x00000000   Number         0  entry7a.o ABSOLUTE
    ../clib/microlib/init/entry.s            0x00000000   Number         0  entry11a.o ABSOLUTE
    ../clib/microlib/init/entry.s            0x00000000   Number         0  entry9b.o ABSOLUTE
    ../clib/microlib/init/entry.s            0x00000000   Number         0  entry5.o ABSOLUTE
    ../clib/microlib/init/entry.s            0x00000000   Number         0  entry11b.o ABSOLUTE
    ../clib/microlib/init/entry.s            0x00000000   Number         0  entry.o ABSOLUTE
    ../clib/microlib/init/entry.s            0x00000000   Number         0  entry9a.o ABSOLUTE
    ../clib/microlib/init/entry.s            0x00000000   Number         0  entry10b.o ABSOLUTE
    ../clib/microlib/init/entry.s            0x00000000   Number         0  entry8b.o ABSOLUTE
    ../clib/microlib/init/entry.s            0x00000000   Number         0  entry8a.o ABSOLUTE
    ../clib/microlib/longlong.c              0x00000000   Number         0  llshl.o ABSOLUTE
    ../clib/microlib/longlong.c              0x00000000   Number         0  llushr.o ABSOLUTE
    ../clib/microlib/longlong.c              0x00000000   Number         0  llsshr.o ABSOLUTE
    ../clib/microlib/printf/printf.c         0x00000000   Number         0  printf4.o ABSOLUTE
    ../clib/microlib/printf/printf.c         0x00000000   Number         0  printf5.o ABSOLUTE
    ../clib/microlib/printf/printf.c         0x00000000   Number         0  printf6.o ABSOLUTE
    ../clib/microlib/printf/printf.c         0x00000000   Number         0  printf0.o ABSOLUTE
    ../clib/microlib/printf/printf.c         0x00000000   Number         0  printf7.o ABSOLUTE
    ../clib/microlib/printf/printf.c         0x00000000   Number         0  printfa.o ABSOLUTE
    ../clib/microlib/printf/printf.c         0x00000000   Number         0  printf8.o ABSOLUTE
    ../clib/microlib/printf/printf.c         0x00000000   Number         0  printfb.o ABSOLUTE
    ../clib/microlib/printf/printf.c         0x00000000   Number         0  printf3.o ABSOLUTE
    ../clib/microlib/printf/printf.c         0x00000000   Number         0  printf2.o ABSOLUTE
    ../clib/microlib/printf/printf.c         0x00000000   Number         0  printf1.o ABSOLUTE
    ../clib/microlib/printf/stubs.s          0x00000000   Number         0  stubs.o ABSOLUTE
    ../clib/microlib/stdio/streams.c         0x00000000   Number         0  stdout.o ABSOLUTE
    ../clib/microlib/stubs.s                 0x00000000   Number         0  iusefp.o ABSOLUTE
    ../fplib/microlib/fpadd.c                0x00000000   Number         0  dadd.o ABSOLUTE
    ../fplib/microlib/fpdiv.c                0x00000000   Number         0  ddiv.o ABSOLUTE
    ../fplib/microlib/fpepilogue.c           0x00000000   Number         0  depilogue.o ABSOLUTE
    ../fplib/microlib/fpfix.c                0x00000000   Number         0  dfixul.o ABSOLUTE
    ../fplib/microlib/fpmul.c                0x00000000   Number         0  dmul.o ABSOLUTE
    ..\CMSIS\core_cm3.c                      0x00000000   Number         0  core_cm3.o ABSOLUTE
    ..\CMSIS\startup\startup_stm32f10x_hd.s  0x00000000   Number         0  startup_stm32f10x_hd.o ABSOLUTE
    ..\CMSIS\system_stm32f10x.c              0x00000000   Number         0  system_stm32f10x.o ABSOLUTE
    ..\FWlib\src\misc.c                      0x00000000   Number         0  misc.o ABSOLUTE
    ..\FWlib\src\stm32f10x_adc.c             0x00000000   Number         0  stm32f10x_adc.o ABSOLUTE
    ..\FWlib\src\stm32f10x_bkp.c             0x00000000   Number         0  stm32f10x_bkp.o ABSOLUTE
    ..\FWlib\src\stm32f10x_dma.c             0x00000000   Number         0  stm32f10x_dma.o ABSOLUTE
    ..\FWlib\src\stm32f10x_flash.c           0x00000000   Number         0  stm32f10x_flash.o ABSOLUTE
    ..\FWlib\src\stm32f10x_gpio.c            0x00000000   Number         0  stm32f10x_gpio.o ABSOLUTE
    ..\FWlib\src\stm32f10x_rcc.c             0x00000000   Number         0  stm32f10x_rcc.o ABSOLUTE
    ..\FWlib\src\stm32f10x_spi.c             0x00000000   Number         0  stm32f10x_spi.o ABSOLUTE
    ..\FWlib\src\stm32f10x_tim.c             0x00000000   Number         0  stm32f10x_tim.o ABSOLUTE
    ..\FWlib\src\stm32f10x_usart.c           0x00000000   Number         0  stm32f10x_usart.o ABSOLUTE
    ..\\CMSIS\\core_cm3.c                    0x00000000   Number         0  core_cm3.o ABSOLUTE
    AGV_pwm.c                                0x00000000   Number         0  agv_pwm.o ABSOLUTE
    SysTick.c                                0x00000000   Number         0  systick.o ABSOLUTE
    Time_test.c                              0x00000000   Number         0  time_test.o ABSOLUTE
    adc.c                                    0x00000000   Number         0  adc.o ABSOLUTE
    cdrcmple.s                               0x00000000   Number         0  cdrcmple.o ABSOLUTE
    dc.s                                     0x00000000   Number         0  dc.o ABSOLUTE
    handlers.s                               0x00000000   Number         0  handlers.o ABSOLUTE
    init.s                                   0x00000000   Number         0  init.o ABSOLUTE
    led.c                                    0x00000000   Number         0  led.o ABSOLUTE
    main.c                                   0x00000000   Number         0  main.o ABSOLUTE
    rc522.c                                  0x00000000   Number         0  rc522.o ABSOLUTE
    stm32f10x_it.c                           0x00000000   Number         0  stm32f10x_it.o ABSOLUTE
    usart1.c                                 0x00000000   Number         0  usart1.o ABSOLUTE
    RESET                                    0x08000000   Section      304  startup_stm32f10x_hd.o(RESET)
    .ARM.Collect$$$$00000000                 0x08000130   Section        0  entry.o(.ARM.Collect$$$$00000000)
    .ARM.Collect$$$$00000001                 0x08000130   Section        4  entry2.o(.ARM.Collect$$$$00000001)
    .ARM.Collect$$$$00000004                 0x08000134   Section        4  entry5.o(.ARM.Collect$$$$00000004)
    .ARM.Collect$$$$00000008                 0x08000138   Section        0  entry7b.o(.ARM.Collect$$$$00000008)
    .ARM.Collect$$$$0000000A                 0x08000138   Section        0  entry8b.o(.ARM.Collect$$$$0000000A)
    .ARM.Collect$$$$0000000B                 0x08000138   Section        8  entry9a.o(.ARM.Collect$$$$0000000B)
    .ARM.Collect$$$$0000000D                 0x08000140   Section        0  entry10a.o(.ARM.Collect$$$$0000000D)
    .ARM.Collect$$$$0000000F                 0x08000140   Section        0  entry11a.o(.ARM.Collect$$$$0000000F)
    .ARM.Collect$$$$00002712                 0x08000140   Section        4  entry2.o(.ARM.Collect$$$$00002712)
    __lit__00000000                          0x08000140   Data           4  entry2.o(.ARM.Collect$$$$00002712)
    .text                                    0x08000144   Section       48  startup_stm32f10x_hd.o(.text)
    .text                                    0x08000174   Section        0  main.o(.text)
    .text                                    0x08000cb0   Section        0  stm32f10x_it.o(.text)
    .text                                    0x08001080   Section        0  usart1.o(.text)
    .text                                    0x0800116c   Section        0  led.o(.text)
    .text                                    0x080012f8   Section        0  agv_pwm.o(.text)
    .text                                    0x0800166c   Section        0  rc522.o(.text)
    .text                                    0x0800200c   Section        0  systick.o(.text)
    SysTick_Config                           0x0800200d   Thumb Code    82  systick.o(.text)
    .text                                    0x080020d4   Section        0  time_test.o(.text)
    .text                                    0x08002154   Section        0  stm32f10x_gpio.o(.text)
    .text                                    0x08002480   Section        0  stm32f10x_rcc.o(.text)
    .text                                    0x08002820   Section        0  stm32f10x_usart.o(.text)
    .text                                    0x08002b90   Section        0  stm32f10x_tim.o(.text)
    TI4_Config                               0x08002eaf   Thumb Code    82  stm32f10x_tim.o(.text)
    TI3_Config                               0x08002f13   Thumb Code    72  stm32f10x_tim.o(.text)
    TI2_Config                               0x08002f85   Thumb Code    80  stm32f10x_tim.o(.text)
    TI1_Config                               0x08002fe7   Thumb Code    56  stm32f10x_tim.o(.text)
    .text                                    0x08003758   Section        0  misc.o(.text)
    .text                                    0x08003834   Section        0  stm32f10x_spi.o(.text)
    .text                                    0x08003b34   Section        0  system_stm32f10x.o(.text)
    SetSysClockTo72                          0x08003b35   Thumb Code   218  system_stm32f10x.o(.text)
    SetSysClock                              0x08003c0f   Thumb Code     8  system_stm32f10x.o(.text)
    .text                                    0x08003c6c   Section        0  uldiv.o(.text)
    .text                                    0x08003cd0   Section       36  init.o(.text)
    .text                                    0x08003cf4   Section        0  llshl.o(.text)
    .text                                    0x08003d12   Section        0  llushr.o(.text)
    i.__0printf$8                            0x08003d34   Section        0  printf8.o(i.__0printf$8)
    i.__scatterload_copy                     0x08003d54   Section       14  handlers.o(i.__scatterload_copy)
    i.__scatterload_null                     0x08003d62   Section        2  handlers.o(i.__scatterload_null)
    i.__scatterload_zeroinit                 0x08003d64   Section       14  handlers.o(i.__scatterload_zeroinit)
    i._printf_core                           0x08003d74   Section        0  printf8.o(i._printf_core)
    _printf_core                             0x08003d75   Thumb Code   988  printf8.o(i._printf_core)
    i._printf_post_padding                   0x0800417c   Section        0  printf8.o(i._printf_post_padding)
    _printf_post_padding                     0x0800417d   Thumb Code    38  printf8.o(i._printf_post_padding)
    i._printf_pre_padding                    0x080041a2   Section        0  printf8.o(i._printf_pre_padding)
    _printf_pre_padding                      0x080041a3   Thumb Code    48  printf8.o(i._printf_pre_padding)
    .constdata                               0x080041d4   Section       20  system_stm32f10x.o(.constdata)
    .data                                    0x20000000   Section      195  main.o(.data)
    .data                                    0x200000c4   Section        4  stm32f10x_it.o(.data)
    .data                                    0x200000c8   Section        4  systick.o(.data)
    TimingDelay                              0x200000c8   Data           4  systick.o(.data)
    .data                                    0x200000cc   Section       20  stm32f10x_rcc.o(.data)
    APBAHBPrescTable                         0x200000cc   Data          16  stm32f10x_rcc.o(.data)
    ADCPrescTable                            0x200000dc   Data           4  stm32f10x_rcc.o(.data)
    .data                                    0x200000e0   Section        4  stdout.o(.data)
    .bss                                     0x200000e4   Section      164  main.o(.bss)
    STACK                                    0x20000188   Section      512  startup_stm32f10x_hd.o(STACK)

    Global Symbols

    Symbol Name                              Value     Ov Type        Size  Object(Section)

    BuildAttributes$$THM_ISAv4$P$D$K$B$S$PE$A:L22UL41UL21$X:L11$S22US41US21$IEEE1$IW$USESV6$~STKCKD$USESV7$~SHL$OSPACE$ROPI$EBA8$MICROLIB$REQ8$PRES8$EABIv2 0x00000000   Number         0  anon$$obj.o ABSOLUTE
    __ARM_use_no_argv                        0x00000000   Number         0  main.o ABSOLUTE
    _printf_a                                0x00000000   Number         0  stubs.o ABSOLUTE
    _printf_c                                0x00000000   Number         0  stubs.o ABSOLUTE
    _printf_charcount                        0x00000000   Number         0  stubs.o ABSOLUTE
    _printf_d                                0x00000000   Number         0  stubs.o ABSOLUTE
    _printf_e                                0x00000000   Number         0  stubs.o ABSOLUTE
    _printf_f                                0x00000000   Number         0  stubs.o ABSOLUTE
    _printf_flags                            0x00000000   Number         0  stubs.o ABSOLUTE
    _printf_fp_dec                           0x00000000   Number         0  stubs.o ABSOLUTE
    _printf_fp_hex                           0x00000000   Number         0  stubs.o ABSOLUTE
    _printf_g                                0x00000000   Number         0  stubs.o ABSOLUTE
    _printf_i                                0x00000000   Number         0  stubs.o ABSOLUTE
    _printf_int_dec                          0x00000000   Number         0  stubs.o ABSOLUTE
    _printf_l                                0x00000000   Number         0  stubs.o ABSOLUTE
    _printf_lc                               0x00000000   Number         0  stubs.o ABSOLUTE
    _printf_ll                               0x00000000   Number         0  stubs.o ABSOLUTE
    _printf_lld                              0x00000000   Number         0  stubs.o ABSOLUTE
    _printf_lli                              0x00000000   Number         0  stubs.o ABSOLUTE
    _printf_llo                              0x00000000   Number         0  stubs.o ABSOLUTE
    _printf_llu                              0x00000000   Number         0  stubs.o ABSOLUTE
    _printf_llx                              0x00000000   Number         0  stubs.o ABSOLUTE
    _printf_longlong_dec                     0x00000000   Number         0  stubs.o ABSOLUTE
    _printf_longlong_hex                     0x00000000   Number         0  stubs.o ABSOLUTE
    _printf_longlong_oct                     0x00000000   Number         0  stubs.o ABSOLUTE
    _printf_ls                               0x00000000   Number         0  stubs.o ABSOLUTE
    _printf_mbtowc                           0x00000000   Number         0  stubs.o ABSOLUTE
    _printf_n                                0x00000000   Number         0  stubs.o ABSOLUTE
    _printf_o                                0x00000000   Number         0  stubs.o ABSOLUTE
    _printf_p                                0x00000000   Number         0  stubs.o ABSOLUTE
    _printf_percent                          0x00000000   Number         0  stubs.o ABSOLUTE
    _printf_pre_padding                      0x00000000   Number         0  stubs.o ABSOLUTE
    _printf_return_value                     0x00000000   Number         0  stubs.o ABSOLUTE
    _printf_s                                0x00000000   Number         0  stubs.o ABSOLUTE
    _printf_sizespec                         0x00000000   Number         0  stubs.o ABSOLUTE
    _printf_str                              0x00000000   Number         0  stubs.o ABSOLUTE
    _printf_truncate_signed                  0x00000000   Number         0  stubs.o ABSOLUTE
    _printf_truncate_unsigned                0x00000000   Number         0  stubs.o ABSOLUTE
    _printf_u                                0x00000000   Number         0  stubs.o ABSOLUTE
    _printf_wc                               0x00000000   Number         0  stubs.o ABSOLUTE
    _printf_wctomb                           0x00000000   Number         0  stubs.o ABSOLUTE
    _printf_widthprec                        0x00000000   Number         0  stubs.o ABSOLUTE
    _printf_x                                0x00000000   Number         0  stubs.o ABSOLUTE
    __cpp_initialize__aeabi_                  - Undefined Weak Reference
    __cxa_finalize                            - Undefined Weak Reference
    __decompress                              - Undefined Weak Reference
    _clock_init                               - Undefined Weak Reference
    _microlib_exit                            - Undefined Weak Reference
    __Vectors_Size                           0x00000130   Number         0  startup_stm32f10x_hd.o ABSOLUTE
    __Vectors                                0x08000000   Data           4  startup_stm32f10x_hd.o(RESET)
    __Vectors_End                            0x08000130   Data           0  startup_stm32f10x_hd.o(RESET)
    __main                                   0x08000131   Thumb Code     0  entry.o(.ARM.Collect$$$$00000000)
    _main_stk                                0x08000131   Thumb Code     0  entry2.o(.ARM.Collect$$$$00000001)
    _main_scatterload                        0x08000135   Thumb Code     0  entry5.o(.ARM.Collect$$$$00000004)
    __main_after_scatterload                 0x08000139   Thumb Code     0  entry5.o(.ARM.Collect$$$$00000004)
    _main_clock                              0x08000139   Thumb Code     0  entry7b.o(.ARM.Collect$$$$00000008)
    _main_cpp_init                           0x08000139   Thumb Code     0  entry8b.o(.ARM.Collect$$$$0000000A)
    _main_init                               0x08000139   Thumb Code     0  entry9a.o(.ARM.Collect$$$$0000000B)
    __rt_final_cpp                           0x08000141   Thumb Code     0  entry10a.o(.ARM.Collect$$$$0000000D)
    __rt_final_exit                          0x08000141   Thumb Code     0  entry11a.o(.ARM.Collect$$$$0000000F)
    SystemInit_ExtMemCtl                     0x08000145   Thumb Code     2  startup_stm32f10x_hd.o(.text)
    Reset_Handler                            0x08000147   Thumb Code    14  startup_stm32f10x_hd.o(.text)
    ADC1_2_IRQHandler                        0x08000167   Thumb Code     0  startup_stm32f10x_hd.o(.text)
    ADC3_IRQHandler                          0x08000167   Thumb Code     0  startup_stm32f10x_hd.o(.text)
    CAN1_RX1_IRQHandler                      0x08000167   Thumb Code     0  startup_stm32f10x_hd.o(.text)
    CAN1_SCE_IRQHandler                      0x08000167   Thumb Code     0  startup_stm32f10x_hd.o(.text)
    DMA1_Channel1_IRQHandler                 0x08000167   Thumb Code     0  startup_stm32f10x_hd.o(.text)
    DMA1_Channel2_IRQHandler                 0x08000167   Thumb Code     0  startup_stm32f10x_hd.o(.text)
    DMA1_Channel3_IRQHandler                 0x08000167   Thumb Code     0  startup_stm32f10x_hd.o(.text)
    DMA1_Channel4_IRQHandler                 0x08000167   Thumb Code     0  startup_stm32f10x_hd.o(.text)
    DMA1_Channel5_IRQHandler                 0x08000167   Thumb Code     0  startup_stm32f10x_hd.o(.text)
    DMA1_Channel6_IRQHandler                 0x08000167   Thumb Code     0  startup_stm32f10x_hd.o(.text)
    DMA1_Channel7_IRQHandler                 0x08000167   Thumb Code     0  startup_stm32f10x_hd.o(.text)
    DMA2_Channel1_IRQHandler                 0x08000167   Thumb Code     0  startup_stm32f10x_hd.o(.text)
    DMA2_Channel2_IRQHandler                 0x08000167   Thumb Code     0  startup_stm32f10x_hd.o(.text)
    DMA2_Channel3_IRQHandler                 0x08000167   Thumb Code     0  startup_stm32f10x_hd.o(.text)
    DMA2_Channel4_5_IRQHandler               0x08000167   Thumb Code     0  startup_stm32f10x_hd.o(.text)
    EXTI0_IRQHandler                         0x08000167   Thumb Code     0  startup_stm32f10x_hd.o(.text)
    EXTI15_10_IRQHandler                     0x08000167   Thumb Code     0  startup_stm32f10x_hd.o(.text)
    EXTI1_IRQHandler                         0x08000167   Thumb Code     0  startup_stm32f10x_hd.o(.text)
    EXTI2_IRQHandler                         0x08000167   Thumb Code     0  startup_stm32f10x_hd.o(.text)
    EXTI3_IRQHandler                         0x08000167   Thumb Code     0  startup_stm32f10x_hd.o(.text)
    EXTI4_IRQHandler                         0x08000167   Thumb Code     0  startup_stm32f10x_hd.o(.text)
    EXTI9_5_IRQHandler                       0x08000167   Thumb Code     0  startup_stm32f10x_hd.o(.text)
    FLASH_IRQHandler                         0x08000167   Thumb Code     0  startup_stm32f10x_hd.o(.text)
    FSMC_IRQHandler                          0x08000167   Thumb Code     0  startup_stm32f10x_hd.o(.text)
    I2C1_ER_IRQHandler                       0x08000167   Thumb Code     0  startup_stm32f10x_hd.o(.text)
    I2C1_EV_IRQHandler                       0x08000167   Thumb Code     0  startup_stm32f10x_hd.o(.text)
    I2C2_ER_IRQHandler                       0x08000167   Thumb Code     0  startup_stm32f10x_hd.o(.text)
    I2C2_EV_IRQHandler                       0x08000167   Thumb Code     0  startup_stm32f10x_hd.o(.text)
    PVD_IRQHandler                           0x08000167   Thumb Code     0  startup_stm32f10x_hd.o(.text)
    RCC_IRQHandler                           0x08000167   Thumb Code     0  startup_stm32f10x_hd.o(.text)
    RTCAlarm_IRQHandler                      0x08000167   Thumb Code     0  startup_stm32f10x_hd.o(.text)
    RTC_IRQHandler                           0x08000167   Thumb Code     0  startup_stm32f10x_hd.o(.text)
    SDIO_IRQHandler                          0x08000167   Thumb Code     0  startup_stm32f10x_hd.o(.text)
    SPI1_IRQHandler                          0x08000167   Thumb Code     0  startup_stm32f10x_hd.o(.text)
    SPI2_IRQHandler                          0x08000167   Thumb Code     0  startup_stm32f10x_hd.o(.text)
    SPI3_IRQHandler                          0x08000167   Thumb Code     0  startup_stm32f10x_hd.o(.text)
    TAMPER_IRQHandler                        0x08000167   Thumb Code     0  startup_stm32f10x_hd.o(.text)
    TIM1_BRK_IRQHandler                      0x08000167   Thumb Code     0  startup_stm32f10x_hd.o(.text)
    TIM1_CC_IRQHandler                       0x08000167   Thumb Code     0  startup_stm32f10x_hd.o(.text)
    TIM1_TRG_COM_IRQHandler                  0x08000167   Thumb Code     0  startup_stm32f10x_hd.o(.text)
    TIM1_UP_IRQHandler                       0x08000167   Thumb Code     0  startup_stm32f10x_hd.o(.text)
    TIM2_IRQHandler                          0x08000167   Thumb Code     0  startup_stm32f10x_hd.o(.text)
    TIM4_IRQHandler                          0x08000167   Thumb Code     0  startup_stm32f10x_hd.o(.text)
    TIM5_IRQHandler                          0x08000167   Thumb Code     0  startup_stm32f10x_hd.o(.text)
    TIM6_IRQHandler                          0x08000167   Thumb Code     0  startup_stm32f10x_hd.o(.text)
    TIM7_IRQHandler                          0x08000167   Thumb Code     0  startup_stm32f10x_hd.o(.text)
    TIM8_BRK_IRQHandler                      0x08000167   Thumb Code     0  startup_stm32f10x_hd.o(.text)
    TIM8_CC_IRQHandler                       0x08000167   Thumb Code     0  startup_stm32f10x_hd.o(.text)
    TIM8_TRG_COM_IRQHandler                  0x08000167   Thumb Code     0  startup_stm32f10x_hd.o(.text)
    TIM8_UP_IRQHandler                       0x08000167   Thumb Code     0  startup_stm32f10x_hd.o(.text)
    UART4_IRQHandler                         0x08000167   Thumb Code     0  startup_stm32f10x_hd.o(.text)
    UART5_IRQHandler                         0x08000167   Thumb Code     0  startup_stm32f10x_hd.o(.text)
    USART2_IRQHandler                        0x08000167   Thumb Code     0  startup_stm32f10x_hd.o(.text)
    USART3_IRQHandler                        0x08000167   Thumb Code     0  startup_stm32f10x_hd.o(.text)
    USBWakeUp_IRQHandler                     0x08000167   Thumb Code     0  startup_stm32f10x_hd.o(.text)
    USB_HP_CAN1_TX_IRQHandler                0x08000167   Thumb Code     0  startup_stm32f10x_hd.o(.text)
    USB_LP_CAN1_RX0_IRQHandler               0x08000167   Thumb Code     0  startup_stm32f10x_hd.o(.text)
    WWDG_IRQHandler                          0x08000167   Thumb Code     0  startup_stm32f10x_hd.o(.text)
    Delay                                    0x08000175   Thumb Code    26  main.o(.text)
    USBCAN_GPIO_NoRemap                      0x0800018f   Thumb Code    42  main.o(.text)
    JTAGDisable_GPIO_NoRemap                 0x080001b9   Thumb Code    36  main.o(.text)
    MotoBelt                                 0x080001dd   Thumb Code   118  main.o(.text)
    DuoJi                                    0x08000253   Thumb Code    22  main.o(.text)
    RFIDReader                               0x08000269   Thumb Code   208  main.o(.text)
    InfraredDetection                        0x08000339   Thumb Code   560  main.o(.text)
    AGVRun                                   0x08000569   Thumb Code   822  main.o(.text)
    Wifi_Connect                             0x0800089f   Thumb Code   222  main.o(.text)
    main                                     0x0800097d   Thumb Code   440  main.o(.text)
    MotoBeltControl                          0x08000b35   Thumb Code    94  main.o(.text)
    RFID_SN_Control                          0x08000b93   Thumb Code   148  main.o(.text)
    NMI_Handler                              0x08000cb1   Thumb Code     2  stm32f10x_it.o(.text)
    HardFault_Handler                        0x08000cb3   Thumb Code     4  stm32f10x_it.o(.text)
    MemManage_Handler                        0x08000cb7   Thumb Code     4  stm32f10x_it.o(.text)
    BusFault_Handler                         0x08000cbb   Thumb Code     4  stm32f10x_it.o(.text)
    UsageFault_Handler                       0x08000cbf   Thumb Code     4  stm32f10x_it.o(.text)
    SVC_Handler                              0x08000cc3   Thumb Code     2  stm32f10x_it.o(.text)
    DebugMon_Handler                         0x08000cc5   Thumb Code     2  stm32f10x_it.o(.text)
    PendSV_Handler                           0x08000cc7   Thumb Code     2  stm32f10x_it.o(.text)
    SysTick_Handler                          0x08000cc9   Thumb Code   142  stm32f10x_it.o(.text)
    USART1_IRQHandler                        0x08000d57   Thumb Code   598  stm32f10x_it.o(.text)
    TIM3_IRQHandler                          0x08000fad   Thumb Code    96  stm32f10x_it.o(.text)
    USART1_Config                            0x08001081   Thumb Code   114  usart1.o(.text)
    fputc                                    0x080010f3   Thumb Code    30  usart1.o(.text)
    UART1GetByte                             0x08001111   Thumb Code    32  usart1.o(.text)
    NVIC_Configuration                       0x08001131   Thumb Code    46  usart1.o(.text)
    LED_GPIO_Config                          0x0800116d   Thumb Code    50  led.o(.text)
    ControlDI_AGV_GPIO_Config                0x0800119f   Thumb Code    76  led.o(.text)
    ControlDO_AGV_GPIO_Config                0x080011eb   Thumb Code   186  led.o(.text)
    BOOT1_ReleaseToGPIO                      0x080012a5   Thumb Code    30  led.o(.text)
    ControlDOC_AGV_GPIO_Config               0x080012c3   Thumb Code    40  led.o(.text)
    PWM_RCC_Configuration                    0x080012f9   Thumb Code    52  agv_pwm.o(.text)
    PWM_GPIO_Configuration                   0x0800132d   Thumb Code    30  agv_pwm.o(.text)
    TIM2_Configuration                       0x0800134b   Thumb Code   138  agv_pwm.o(.text)
    motor_control                            0x080013d5   Thumb Code    44  agv_pwm.o(.text)
    motorQZ_control                          0x08001401   Thumb Code   150  agv_pwm.o(.text)
    motorQY_control                          0x08001497   Thumb Code   150  agv_pwm.o(.text)
    motorHZ_control                          0x0800152d   Thumb Code   152  agv_pwm.o(.text)
    motorHY_control                          0x080015c5   Thumb Code   154  agv_pwm.o(.text)
    delay_ns                                 0x0800166d   Thumb Code    18  rc522.o(.text)
    SPIWriteByte                             0x0800167f   Thumb Code    42  rc522.o(.text)
    SPI2_ReadWriteByte                       0x080016a9   Thumb Code    86  rc522.o(.text)
    SPI2_SetSpeed                            0x080016ff   Thumb Code    42  rc522.o(.text)
    SPI2_Init                                0x08001729   Thumb Code   208  rc522.o(.text)
    WriteRawRC                               0x080017f9   Thumb Code    58  rc522.o(.text)
    ReadRawRC                                0x08001833   Thumb Code    66  rc522.o(.text)
    SetBitMask                               0x08001875   Thumb Code    28  rc522.o(.text)
    PcdAntennaOn                             0x08001891   Thumb Code    26  rc522.o(.text)
    ClearBitMask                             0x080018ab   Thumb Code    28  rc522.o(.text)
    M500PcdConfigISOType                     0x080018c7   Thumb Code    94  rc522.o(.text)
    PcdAntennaOff                            0x08001925   Thumb Code    12  rc522.o(.text)
    PcdReset                                 0x08001931   Thumb Code   140  rc522.o(.text)
    InitRc522                                0x080019bd   Thumb Code    34  rc522.o(.text)
    Reset_RC522                              0x080019df   Thumb Code    24  rc522.o(.text)
    PcdComMF522                              0x080019f7   Thumb Code   328  rc522.o(.text)
    PcdRequest                               0x08001b3f   Thumb Code    86  rc522.o(.text)
    PcdAnticoll                              0x08001b95   Thumb Code   112  rc522.o(.text)
    CalulateCRC                              0x08001c05   Thumb Code   106  rc522.o(.text)
    PcdSelect                                0x08001c6f   Thumb Code   116  rc522.o(.text)
    PcdAuthState                             0x08001ce3   Thumb Code   110  rc522.o(.text)
    PcdRead                                  0x08001d51   Thumb Code    86  rc522.o(.text)
    PcdWrite                                 0x08001da7   Thumb Code   150  rc522.o(.text)
    PcdHalt                                  0x08001e3d   Thumb Code    52  rc522.o(.text)
    PcdValue                                 0x08001e71   Thumb Code   208  rc522.o(.text)
    PcdBakValue                              0x08001f41   Thumb Code   202  rc522.o(.text)
    SysTick_Init                             0x0800205f   Thumb Code    56  systick.o(.text)
    Delay_us                                 0x08002097   Thumb Code    20  systick.o(.text)
    TimingDelay_Decrement                    0x080020ab   Thumb Code    18  systick.o(.text)
    TIM3_NVIC_Configuration                  0x080020d5   Thumb Code    42  time_test.o(.text)
    TIM3_Configuration                       0x080020ff   Thumb Code    80  time_test.o(.text)
    GPIO_DeInit                              0x08002155   Thumb Code   188  stm32f10x_gpio.o(.text)
    GPIO_AFIODeInit                          0x08002211   Thumb Code    20  stm32f10x_gpio.o(.text)
    GPIO_Init                                0x08002225   Thumb Code   274  stm32f10x_gpio.o(.text)
    GPIO_StructInit                          0x08002337   Thumb Code    16  stm32f10x_gpio.o(.text)
    GPIO_ReadInputDataBit                    0x08002347   Thumb Code    18  stm32f10x_gpio.o(.text)
    GPIO_ReadInputData                       0x08002359   Thumb Code     8  stm32f10x_gpio.o(.text)
    GPIO_ReadOutputDataBit                   0x08002361   Thumb Code    18  stm32f10x_gpio.o(.text)
    GPIO_ReadOutputData                      0x08002373   Thumb Code     8  stm32f10x_gpio.o(.text)
    GPIO_SetBits                             0x0800237b   Thumb Code     4  stm32f10x_gpio.o(.text)
    GPIO_ResetBits                           0x0800237f   Thumb Code     4  stm32f10x_gpio.o(.text)
    GPIO_WriteBit                            0x08002383   Thumb Code    10  stm32f10x_gpio.o(.text)
    GPIO_Write                               0x0800238d   Thumb Code     4  stm32f10x_gpio.o(.text)
    GPIO_PinLockConfig                       0x08002391   Thumb Code    18  stm32f10x_gpio.o(.text)
    GPIO_EventOutputConfig                   0x080023a3   Thumb Code    26  stm32f10x_gpio.o(.text)
    GPIO_EventOutputCmd                      0x080023bd   Thumb Code     6  stm32f10x_gpio.o(.text)
    GPIO_PinRemapConfig                      0x080023c3   Thumb Code   106  stm32f10x_gpio.o(.text)
    GPIO_EXTILineConfig                      0x0800242d   Thumb Code    66  stm32f10x_gpio.o(.text)
    RCC_DeInit                               0x08002481   Thumb Code    62  stm32f10x_rcc.o(.text)
    RCC_HSEConfig                            0x080024bf   Thumb Code    70  stm32f10x_rcc.o(.text)
    RCC_GetFlagStatus                        0x08002505   Thumb Code    56  stm32f10x_rcc.o(.text)
    RCC_WaitForHSEStartUp                    0x0800253d   Thumb Code    54  stm32f10x_rcc.o(.text)
    RCC_AdjustHSICalibrationValue            0x08002573   Thumb Code    20  stm32f10x_rcc.o(.text)
    RCC_HSICmd                               0x08002587   Thumb Code     6  stm32f10x_rcc.o(.text)
    RCC_PLLConfig                            0x0800258d   Thumb Code    24  stm32f10x_rcc.o(.text)
    RCC_PLLCmd                               0x080025a5   Thumb Code     6  stm32f10x_rcc.o(.text)
    RCC_SYSCLKConfig                         0x080025ab   Thumb Code    18  stm32f10x_rcc.o(.text)
    RCC_GetSYSCLKSource                      0x080025bd   Thumb Code    10  stm32f10x_rcc.o(.text)
    RCC_HCLKConfig                           0x080025c7   Thumb Code    18  stm32f10x_rcc.o(.text)
    RCC_PCLK1Config                          0x080025d9   Thumb Code    18  stm32f10x_rcc.o(.text)
    RCC_PCLK2Config                          0x080025eb   Thumb Code    20  stm32f10x_rcc.o(.text)
    RCC_ITConfig                             0x080025ff   Thumb Code    26  stm32f10x_rcc.o(.text)
    RCC_USBCLKConfig                         0x08002619   Thumb Code     6  stm32f10x_rcc.o(.text)
    RCC_ADCCLKConfig                         0x0800261f   Thumb Code    18  stm32f10x_rcc.o(.text)
    RCC_LSEConfig                            0x08002631   Thumb Code    44  stm32f10x_rcc.o(.text)
    RCC_LSICmd                               0x0800265d   Thumb Code     6  stm32f10x_rcc.o(.text)
    RCC_RTCCLKConfig                         0x08002663   Thumb Code    12  stm32f10x_rcc.o(.text)
    RCC_RTCCLKCmd                            0x0800266f   Thumb Code     8  stm32f10x_rcc.o(.text)
    RCC_GetClocksFreq                        0x08002677   Thumb Code   192  stm32f10x_rcc.o(.text)
    RCC_AHBPeriphClockCmd                    0x08002737   Thumb Code    26  stm32f10x_rcc.o(.text)
    RCC_APB2PeriphClockCmd                   0x08002751   Thumb Code    26  stm32f10x_rcc.o(.text)
    RCC_APB1PeriphClockCmd                   0x0800276b   Thumb Code    26  stm32f10x_rcc.o(.text)
    RCC_APB2PeriphResetCmd                   0x08002785   Thumb Code    26  stm32f10x_rcc.o(.text)
    RCC_APB1PeriphResetCmd                   0x0800279f   Thumb Code    26  stm32f10x_rcc.o(.text)
    RCC_BackupResetCmd                       0x080027b9   Thumb Code     8  stm32f10x_rcc.o(.text)
    RCC_ClockSecuritySystemCmd               0x080027c1   Thumb Code     6  stm32f10x_rcc.o(.text)
    RCC_MCOConfig                            0x080027c7   Thumb Code     6  stm32f10x_rcc.o(.text)
    RCC_ClearFlag                            0x080027cd   Thumb Code    14  stm32f10x_rcc.o(.text)
    RCC_GetITStatus                          0x080027db   Thumb Code    20  stm32f10x_rcc.o(.text)
    RCC_ClearITPendingBit                    0x080027ef   Thumb Code     6  stm32f10x_rcc.o(.text)
    USART_DeInit                             0x08002821   Thumb Code   146  stm32f10x_usart.o(.text)
    USART_Init                               0x080028b3   Thumb Code   150  stm32f10x_usart.o(.text)
    USART_StructInit                         0x08002949   Thumb Code    24  stm32f10x_usart.o(.text)
    USART_ClockInit                          0x08002961   Thumb Code    34  stm32f10x_usart.o(.text)
    USART_ClockStructInit                    0x08002983   Thumb Code    12  stm32f10x_usart.o(.text)
    USART_Cmd                                0x0800298f   Thumb Code    24  stm32f10x_usart.o(.text)
    USART_ITConfig                           0x080029a7   Thumb Code    64  stm32f10x_usart.o(.text)
    USART_DMACmd                             0x080029e7   Thumb Code    18  stm32f10x_usart.o(.text)
    USART_SetAddress                         0x080029f9   Thumb Code    18  stm32f10x_usart.o(.text)
    USART_WakeUpConfig                       0x08002a0b   Thumb Code    18  stm32f10x_usart.o(.text)
    USART_ReceiverWakeUpCmd                  0x08002a1d   Thumb Code    24  stm32f10x_usart.o(.text)
    USART_LINBreakDetectLengthConfig         0x08002a35   Thumb Code    18  stm32f10x_usart.o(.text)
    USART_LINCmd                             0x08002a47   Thumb Code    24  stm32f10x_usart.o(.text)
    USART_SendData                           0x08002a5f   Thumb Code     8  stm32f10x_usart.o(.text)
    USART_ReceiveData                        0x08002a67   Thumb Code    10  stm32f10x_usart.o(.text)
    USART_SendBreak                          0x08002a71   Thumb Code    10  stm32f10x_usart.o(.text)
    USART_SetGuardTime                       0x08002a7b   Thumb Code    16  stm32f10x_usart.o(.text)
    USART_SetPrescaler                       0x08002a8b   Thumb Code    16  stm32f10x_usart.o(.text)
    USART_SmartCardCmd                       0x08002a9b   Thumb Code    24  stm32f10x_usart.o(.text)
    USART_SmartCardNACKCmd                   0x08002ab3   Thumb Code    24  stm32f10x_usart.o(.text)
    USART_HalfDuplexCmd                      0x08002acb   Thumb Code    24  stm32f10x_usart.o(.text)
    USART_IrDAConfig                         0x08002ae3   Thumb Code    18  stm32f10x_usart.o(.text)
    USART_IrDACmd                            0x08002af5   Thumb Code    24  stm32f10x_usart.o(.text)
    USART_GetFlagStatus                      0x08002b0d   Thumb Code    18  stm32f10x_usart.o(.text)
    USART_ClearFlag                          0x08002b1f   Thumb Code     6  stm32f10x_usart.o(.text)
    USART_GetITStatus                        0x08002b25   Thumb Code    76  stm32f10x_usart.o(.text)
    USART_ClearITPendingBit                  0x08002b71   Thumb Code    20  stm32f10x_usart.o(.text)
    TIM_DeInit                               0x08002b91   Thumb Code   214  stm32f10x_tim.o(.text)
    TIM_TimeBaseInit                         0x08002c67   Thumb Code    50  stm32f10x_tim.o(.text)
    TIM_OC1Init                              0x08002c99   Thumb Code   110  stm32f10x_tim.o(.text)
    TIM_OC2Init                              0x08002d07   Thumb Code   148  stm32f10x_tim.o(.text)
    TIM_OC3Init                              0x08002d9b   Thumb Code   144  stm32f10x_tim.o(.text)
    TIM_OC4Init                              0x08002e2b   Thumb Code   106  stm32f10x_tim.o(.text)
    TIM_SetIC4Prescaler                      0x08002e95   Thumb Code    26  stm32f10x_tim.o(.text)
    TIM_SetIC3Prescaler                      0x08002f01   Thumb Code    18  stm32f10x_tim.o(.text)
    TIM_SetIC2Prescaler                      0x08002f5b   Thumb Code    42  stm32f10x_tim.o(.text)
    TIM_SetIC1Prescaler                      0x08002fd5   Thumb Code    18  stm32f10x_tim.o(.text)
    TIM_ICInit                               0x0800301f   Thumb Code   110  stm32f10x_tim.o(.text)
    TIM_PWMIConfig                           0x0800308d   Thumb Code   124  stm32f10x_tim.o(.text)
    TIM_BDTRConfig                           0x08003109   Thumb Code    32  stm32f10x_tim.o(.text)
    TIM_TimeBaseStructInit                   0x08003129   Thumb Code    18  stm32f10x_tim.o(.text)
    TIM_OCStructInit                         0x0800313b   Thumb Code    20  stm32f10x_tim.o(.text)
    TIM_ICStructInit                         0x0800314f   Thumb Code    18  stm32f10x_tim.o(.text)
    TIM_BDTRStructInit                       0x08003161   Thumb Code    18  stm32f10x_tim.o(.text)
    TIM_Cmd                                  0x08003173   Thumb Code    24  stm32f10x_tim.o(.text)
    TIM_CtrlPWMOutputs                       0x0800318b   Thumb Code    30  stm32f10x_tim.o(.text)
    TIM_ITConfig                             0x080031a9   Thumb Code    18  stm32f10x_tim.o(.text)
    TIM_GenerateEvent                        0x080031bb   Thumb Code     4  stm32f10x_tim.o(.text)
    TIM_DMAConfig                            0x080031bf   Thumb Code    10  stm32f10x_tim.o(.text)
    TIM_DMACmd                               0x080031c9   Thumb Code    18  stm32f10x_tim.o(.text)
    TIM_InternalClockConfig                  0x080031db   Thumb Code    12  stm32f10x_tim.o(.text)
    TIM_SelectInputTrigger                   0x080031e7   Thumb Code    18  stm32f10x_tim.o(.text)
    TIM_ITRxExternalClockConfig              0x080031f9   Thumb Code    24  stm32f10x_tim.o(.text)
    TIM_TIxExternalClockConfig               0x08003211   Thumb Code    62  stm32f10x_tim.o(.text)
    TIM_ETRConfig                            0x0800324f   Thumb Code    30  stm32f10x_tim.o(.text)
    TIM_ETRClockMode1Config                  0x0800326d   Thumb Code    54  stm32f10x_tim.o(.text)
    TIM_ETRClockMode2Config                  0x080032a3   Thumb Code    32  stm32f10x_tim.o(.text)
    TIM_PrescalerConfig                      0x080032c3   Thumb Code     6  stm32f10x_tim.o(.text)
    TIM_CounterModeConfig                    0x080032c9   Thumb Code    18  stm32f10x_tim.o(.text)
    TIM_EncoderInterfaceConfig               0x080032db   Thumb Code    66  stm32f10x_tim.o(.text)
    TIM_ForcedOC1Config                      0x0800331d   Thumb Code    18  stm32f10x_tim.o(.text)
    TIM_ForcedOC2Config                      0x0800332f   Thumb Code    26  stm32f10x_tim.o(.text)
    TIM_ForcedOC3Config                      0x08003349   Thumb Code    18  stm32f10x_tim.o(.text)
    TIM_ForcedOC4Config                      0x0800335b   Thumb Code    26  stm32f10x_tim.o(.text)
    TIM_ARRPreloadConfig                     0x08003375   Thumb Code    24  stm32f10x_tim.o(.text)
    TIM_SelectCOM                            0x0800338d   Thumb Code    24  stm32f10x_tim.o(.text)
    TIM_SelectCCDMA                          0x080033a5   Thumb Code    24  stm32f10x_tim.o(.text)
    TIM_CCPreloadControl                     0x080033bd   Thumb Code    24  stm32f10x_tim.o(.text)
    TIM_OC1PreloadConfig                     0x080033d5   Thumb Code    18  stm32f10x_tim.o(.text)
    TIM_OC2PreloadConfig                     0x080033e7   Thumb Code    26  stm32f10x_tim.o(.text)
    TIM_OC3PreloadConfig                     0x08003401   Thumb Code    18  stm32f10x_tim.o(.text)
    TIM_OC4PreloadConfig                     0x08003413   Thumb Code    26  stm32f10x_tim.o(.text)
    TIM_OC1FastConfig                        0x0800342d   Thumb Code    18  stm32f10x_tim.o(.text)
    TIM_OC2FastConfig                        0x0800343f   Thumb Code    26  stm32f10x_tim.o(.text)
    TIM_OC3FastConfig                        0x08003459   Thumb Code    18  stm32f10x_tim.o(.text)
    TIM_OC4FastConfig                        0x0800346b   Thumb Code    26  stm32f10x_tim.o(.text)
    TIM_ClearOC1Ref                          0x08003485   Thumb Code    18  stm32f10x_tim.o(.text)
    TIM_ClearOC2Ref                          0x08003497   Thumb Code    24  stm32f10x_tim.o(.text)
    TIM_ClearOC3Ref                          0x080034af   Thumb Code    18  stm32f10x_tim.o(.text)
    TIM_ClearOC4Ref                          0x080034c1   Thumb Code    24  stm32f10x_tim.o(.text)
    TIM_OC1PolarityConfig                    0x080034d9   Thumb Code    18  stm32f10x_tim.o(.text)
    TIM_OC1NPolarityConfig                   0x080034eb   Thumb Code    18  stm32f10x_tim.o(.text)
    TIM_OC2PolarityConfig                    0x080034fd   Thumb Code    26  stm32f10x_tim.o(.text)
    TIM_OC2NPolarityConfig                   0x08003517   Thumb Code    26  stm32f10x_tim.o(.text)
    TIM_OC3PolarityConfig                    0x08003531   Thumb Code    26  stm32f10x_tim.o(.text)
    TIM_OC3NPolarityConfig                   0x0800354b   Thumb Code    26  stm32f10x_tim.o(.text)
    TIM_OC4PolarityConfig                    0x08003565   Thumb Code    26  stm32f10x_tim.o(.text)
    TIM_CCxCmd                               0x0800357f   Thumb Code    26  stm32f10x_tim.o(.text)
    TIM_CCxNCmd                              0x08003599   Thumb Code    26  stm32f10x_tim.o(.text)
    TIM_SelectOCxM                           0x080035b3   Thumb Code   134  stm32f10x_tim.o(.text)
    TIM_UpdateDisableConfig                  0x08003639   Thumb Code    24  stm32f10x_tim.o(.text)
    TIM_UpdateRequestConfig                  0x08003651   Thumb Code    24  stm32f10x_tim.o(.text)
    TIM_SelectHallSensor                     0x08003669   Thumb Code    24  stm32f10x_tim.o(.text)
    TIM_SelectOnePulseMode                   0x08003681   Thumb Code    18  stm32f10x_tim.o(.text)
    TIM_SelectOutputTrigger                  0x08003693   Thumb Code    18  stm32f10x_tim.o(.text)
    TIM_SelectSlaveMode                      0x080036a5   Thumb Code    18  stm32f10x_tim.o(.text)
    TIM_SelectMasterSlaveMode                0x080036b7   Thumb Code    18  stm32f10x_tim.o(.text)
    TIM_SetCounter                           0x080036c9   Thumb Code     4  stm32f10x_tim.o(.text)
    TIM_SetAutoreload                        0x080036cd   Thumb Code     4  stm32f10x_tim.o(.text)
    TIM_SetCompare1                          0x080036d1   Thumb Code     4  stm32f10x_tim.o(.text)
    TIM_SetCompare2                          0x080036d5   Thumb Code     4  stm32f10x_tim.o(.text)
    TIM_SetCompare3                          0x080036d9   Thumb Code     4  stm32f10x_tim.o(.text)
    TIM_SetCompare4                          0x080036dd   Thumb Code     6  stm32f10x_tim.o(.text)
    TIM_SetClockDivision                     0x080036e3   Thumb Code    14  stm32f10x_tim.o(.text)
    TIM_GetCapture1                          0x080036f1   Thumb Code     6  stm32f10x_tim.o(.text)
    TIM_GetCapture2                          0x080036f7   Thumb Code     6  stm32f10x_tim.o(.text)
    TIM_GetCapture3                          0x080036fd   Thumb Code     6  stm32f10x_tim.o(.text)
    TIM_GetCapture4                          0x08003703   Thumb Code     8  stm32f10x_tim.o(.text)
    TIM_GetCounter                           0x0800370b   Thumb Code     6  stm32f10x_tim.o(.text)
    TIM_GetPrescaler                         0x08003711   Thumb Code     6  stm32f10x_tim.o(.text)
    TIM_GetFlagStatus                        0x08003717   Thumb Code    18  stm32f10x_tim.o(.text)
    TIM_ClearFlag                            0x08003729   Thumb Code     6  stm32f10x_tim.o(.text)
    TIM_GetITStatus                          0x0800372f   Thumb Code    34  stm32f10x_tim.o(.text)
    TIM_ClearITPendingBit                    0x08003751   Thumb Code     6  stm32f10x_tim.o(.text)
    NVIC_PriorityGroupConfig                 0x08003759   Thumb Code    10  misc.o(.text)
    NVIC_Init                                0x08003763   Thumb Code   102  misc.o(.text)
    NVIC_SetVectorTable                      0x080037c9   Thumb Code    14  misc.o(.text)
    NVIC_SystemLPConfig                      0x080037d7   Thumb Code    34  misc.o(.text)
    SysTick_CLKSourceConfig                  0x080037f9   Thumb Code    40  misc.o(.text)
    SPI_I2S_DeInit                           0x08003835   Thumb Code    88  stm32f10x_spi.o(.text)
    SPI_Init                                 0x0800388d   Thumb Code    60  stm32f10x_spi.o(.text)
    I2S_Init                                 0x080038c9   Thumb Code   210  stm32f10x_spi.o(.text)
    SPI_StructInit                           0x0800399b   Thumb Code    24  stm32f10x_spi.o(.text)
    I2S_StructInit                           0x080039b3   Thumb Code    20  stm32f10x_spi.o(.text)
    SPI_Cmd                                  0x080039c7   Thumb Code    24  stm32f10x_spi.o(.text)
    I2S_Cmd                                  0x080039df   Thumb Code    24  stm32f10x_spi.o(.text)
    SPI_I2S_ITConfig                         0x080039f7   Thumb Code    32  stm32f10x_spi.o(.text)
    SPI_I2S_DMACmd                           0x08003a17   Thumb Code    18  stm32f10x_spi.o(.text)
    SPI_I2S_SendData                         0x08003a29   Thumb Code     4  stm32f10x_spi.o(.text)
    SPI_I2S_ReceiveData                      0x08003a2d   Thumb Code     6  stm32f10x_spi.o(.text)
    SPI_NSSInternalSoftwareConfig            0x08003a33   Thumb Code    30  stm32f10x_spi.o(.text)
    SPI_SSOutputCmd                          0x08003a51   Thumb Code    24  stm32f10x_spi.o(.text)
    SPI_DataSizeConfig                       0x08003a69   Thumb Code    18  stm32f10x_spi.o(.text)
    SPI_TransmitCRC                          0x08003a7b   Thumb Code    10  stm32f10x_spi.o(.text)
    SPI_CalculateCRC                         0x08003a85   Thumb Code    24  stm32f10x_spi.o(.text)
    SPI_GetCRC                               0x08003a9d   Thumb Code    16  stm32f10x_spi.o(.text)
    SPI_GetCRCPolynomial                     0x08003aad   Thumb Code     6  stm32f10x_spi.o(.text)
    SPI_BiDirectionalLineConfig              0x08003ab3   Thumb Code    28  stm32f10x_spi.o(.text)
    SPI_I2S_GetFlagStatus                    0x08003acf   Thumb Code    18  stm32f10x_spi.o(.text)
    SPI_I2S_ClearFlag                        0x08003ae1   Thumb Code     6  stm32f10x_spi.o(.text)
    SPI_I2S_GetITStatus                      0x08003ae7   Thumb Code    52  stm32f10x_spi.o(.text)
    SPI_I2S_ClearITPendingBit                0x08003b1b   Thumb Code    20  stm32f10x_spi.o(.text)
    SystemInit                               0x08003c17   Thumb Code    68  system_stm32f10x.o(.text)
    __aeabi_uldivmod                         0x08003c6d   Thumb Code    98  uldiv.o(.text)
    __scatterload                            0x08003cd1   Thumb Code    28  init.o(.text)
    __scatterload_rt2                        0x08003cd1   Thumb Code     0  init.o(.text)
    __aeabi_llsl                             0x08003cf5   Thumb Code    30  llshl.o(.text)
    _ll_shift_l                              0x08003cf5   Thumb Code     0  llshl.o(.text)
    __aeabi_llsr                             0x08003d13   Thumb Code    32  llushr.o(.text)
    _ll_ushift_r                             0x08003d13   Thumb Code     0  llushr.o(.text)
    __0printf$8                              0x08003d35   Thumb Code    22  printf8.o(i.__0printf$8)
    __1printf$8                              0x08003d35   Thumb Code     0  printf8.o(i.__0printf$8)
    __2printf                                0x08003d35   Thumb Code     0  printf8.o(i.__0printf$8)
    __scatterload_copy                       0x08003d55   Thumb Code    14  handlers.o(i.__scatterload_copy)
    __scatterload_null                       0x08003d63   Thumb Code     2  handlers.o(i.__scatterload_null)
    __scatterload_zeroinit                   0x08003d65   Thumb Code    14  handlers.o(i.__scatterload_zeroinit)
    SystemFrequency                          0x080041d4   Data           4  system_stm32f10x.o(.constdata)
    SystemFrequency_SysClk                   0x080041d8   Data           4  system_stm32f10x.o(.constdata)
    SystemFrequency_AHBClk                   0x080041dc   Data           4  system_stm32f10x.o(.constdata)
    SystemFrequency_APB1Clk                  0x080041e0   Data           4  system_stm32f10x.o(.constdata)
    SystemFrequency_APB2Clk                  0x080041e4   Data           4  system_stm32f10x.o(.constdata)
    Region$$Table$$Base                      0x080041e8   Number         0  anon$$obj.o(Region$$Table)
    Region$$Table$$Limit                     0x08004208   Number         0  anon$$obj.o(Region$$Table)
    RFIDWrite                                0x20000000   Data          16  main.o(.data)
    lxl_bit                                  0x20000010   Data           1  main.o(.data)
    card1_bit                                0x20000011   Data           1  main.o(.data)
    card2_bit                                0x20000012   Data           1  main.o(.data)
    card3_bit                                0x20000013   Data           1  main.o(.data)
    card4_bit                                0x20000014   Data           1  main.o(.data)
    total                                    0x20000015   Data           1  main.o(.data)
    lxl                                      0x20000016   Data           4  main.o(.data)
    card_1                                   0x2000001a   Data           4  main.o(.data)
    card_2                                   0x2000001e   Data           4  main.o(.data)
    card_3                                   0x20000022   Data           4  main.o(.data)
    card_4                                   0x20000026   Data           4  main.o(.data)
    KEY                                      0x2000002a   Data           6  main.o(.data)
    RFID1                                    0x20000030   Data          16  main.o(.data)
    senddata1                                0x20000040   Data          34  main.o(.data)
    senddata2                                0x20000062   Data          14  main.o(.data)
    senddata3                                0x20000070   Data          12  main.o(.data)
    USFlag                                   0x2000007c   Data           1  main.o(.data)
    T3time                                   0x20000080   Data           4  main.o(.data)
    USART_RX_STA                             0x20000084   Data           1  main.o(.data)
    tempNumInc                               0x20000085   Data           1  main.o(.data)
    counter_BUF                              0x20000086   Data           1  main.o(.data)
    counter_BUF_LINK                         0x20000087   Data           1  main.o(.data)
    testt                                    0x20000088   Data           1  main.o(.data)
    espFlag                                  0x20000089   Data           1  main.o(.data)
    Wifi_Flag                                0x2000008a   Data           1  main.o(.data)
    Wifi_Touchuan                            0x2000008b   Data           1  main.o(.data)
    WifiStartR                               0x2000008c   Data           1  main.o(.data)
    UploadCardNumber                         0x2000008d   Data           1  main.o(.data)
    DownloadCardNumber                       0x2000008e   Data           1  main.o(.data)
    qiaoshuo                                 0x2000008f   Data           1  main.o(.data)
    zhaopan                                  0x20000090   Data           1  main.o(.data)
    timeout                                  0x20000091   Data           1  main.o(.data)
    SysTickCountFlag                         0x20000094   Data           4  main.o(.data)
    SysTickCountFlag_1_0ms                   0x20000098   Data           4  main.o(.data)
    SysTickCountFlag_1_5ms                   0x2000009c   Data           4  main.o(.data)
    SysTickCountFlag_2_0ms                   0x200000a0   Data           4  main.o(.data)
    SysTickCountFlag_Max                     0x200000a4   Data           4  main.o(.data)
    HighSysTick                              0x200000a8   Data           4  main.o(.data)
    LowSysTick                               0x200000ac   Data           4  main.o(.data)
    High_Low                                 0x200000b0   Data           1  main.o(.data)
    PWMPulseHigh                             0x200000b2   Data           2  main.o(.data)
    SN                                       0x200000b4   Data           4  main.o(.data)
    T1                                       0x200000b8   Data           1  main.o(.data)
    T2                                       0x200000b9   Data           1  main.o(.data)
    T3                                       0x200000ba   Data           1  main.o(.data)
    T4                                       0x200000bb   Data           1  main.o(.data)
    T5                                       0x200000bc   Data           1  main.o(.data)
    clp                                      0x200000bd   Data           1  main.o(.data)
    distance                                 0x200000be   Data           1  main.o(.data)
    Track                                    0x200000bf   Data           1  main.o(.data)
    FLAG                                     0x200000c0   Data           1  main.o(.data)
    GetData                                  0x200000c1   Data           1  main.o(.data)
    ReadedCard                               0x200000c2   Data           1  main.o(.data)
    flag1                                    0x200000c4   Data           4  stm32f10x_it.o(.data)
    __stdout                                 0x200000e0   Data           4  stdout.o(.data)
    CT                                       0x200000e4   Data          20  main.o(.bss)
    RFID                                     0x200000f8   Data          16  main.o(.bss)
    USART_RX_BUF                             0x20000108   Data          64  main.o(.bss)
    USART_RX_BUF_LINK                        0x20000148   Data          64  main.o(.bss)
    __initial_sp                             0x20000388   Data           0  startup_stm32f10x_hd.o(STACK)



==============================================================================

Memory Map of the image

  Image Entry point : 0x08000147

  Load Region LR_1 (Base: 0x08000000, Size: 0x000042ec, Max: 0xffffffff, ABSOLUTE)

    Execution Region ER_RO (Base: 0x08000000, Size: 0x00004208, Max: 0xffffffff, ABSOLUTE)

    Base Addr    Size         Type   Attr      Idx    E Section Name        Object

    0x08000000   0x00000130   Data   RO            3    RESET               startup_stm32f10x_hd.o
    0x08000130   0x00000000   Code   RO          369  * .ARM.Collect$$$$00000000  mc_w.l(entry.o)
    0x08000130   0x00000004   Code   RO          633    .ARM.Collect$$$$00000001  mc_w.l(entry2.o)
    0x08000134   0x00000004   Code   RO          636    .ARM.Collect$$$$00000004  mc_w.l(entry5.o)
    0x08000138   0x00000000   Code   RO          638    .ARM.Collect$$$$00000008  mc_w.l(entry7b.o)
    0x08000138   0x00000000   Code   RO          640    .ARM.Collect$$$$0000000A  mc_w.l(entry8b.o)
    0x08000138   0x00000008   Code   RO          641    .ARM.Collect$$$$0000000B  mc_w.l(entry9a.o)
    0x08000140   0x00000000   Code   RO          643    .ARM.Collect$$$$0000000D  mc_w.l(entry10a.o)
    0x08000140   0x00000000   Code   RO          645    .ARM.Collect$$$$0000000F  mc_w.l(entry11a.o)
    0x08000140   0x00000004   Code   RO          634    .ARM.Collect$$$$00002712  mc_w.l(entry2.o)
    0x08000144   0x00000030   Code   RO            4  * .text               startup_stm32f10x_hd.o
    0x08000174   0x00000b3c   Code   RO           10    .text               main.o
    0x08000cb0   0x000003d0   Code   RO           99    .text               stm32f10x_it.o
    0x08001080   0x000000ec   Code   RO          115    .text               usart1.o
    0x0800116c   0x0000018c   Code   RO          150    .text               led.o
    0x080012f8   0x00000374   Code   RO          162    .text               agv_pwm.o
    0x0800166c   0x0000099e   Code   RO          174    .text               rc522.o
    0x0800200a   0x00000002   PAD
    0x0800200c   0x000000c8   Code   RO          186    .text               systick.o
    0x080020d4   0x00000080   Code   RO          203    .text               time_test.o
    0x08002154   0x0000032c   Code   RO          215    .text               stm32f10x_gpio.o
    0x08002480   0x000003a0   Code   RO          227    .text               stm32f10x_rcc.o
    0x08002820   0x00000370   Code   RO          241    .text               stm32f10x_usart.o
    0x08002b90   0x00000bc6   Code   RO          289    .text               stm32f10x_tim.o
    0x08003756   0x00000002   PAD
    0x08003758   0x000000dc   Code   RO          316    .text               misc.o
    0x08003834   0x00000300   Code   RO          328    .text               stm32f10x_spi.o
    0x08003b34   0x00000138   Code   RO          350    .text               system_stm32f10x.o
    0x08003c6c   0x00000062   Code   RO          650    .text               mc_w.l(uldiv.o)
    0x08003cce   0x00000002   PAD
    0x08003cd0   0x00000024   Code   RO          663    .text               mc_w.l(init.o)
    0x08003cf4   0x0000001e   Code   RO          665    .text               mc_w.l(llshl.o)
    0x08003d12   0x00000020   Code   RO          667    .text               mc_w.l(llushr.o)
    0x08003d32   0x00000002   PAD
    0x08003d34   0x00000020   Code   RO          579    i.__0printf$8       mc_w.l(printf8.o)
    0x08003d54   0x0000000e   Code   RO          675    i.__scatterload_copy  mc_w.l(handlers.o)
    0x08003d62   0x00000002   Code   RO          676    i.__scatterload_null  mc_w.l(handlers.o)
    0x08003d64   0x0000000e   Code   RO          677    i.__scatterload_zeroinit  mc_w.l(handlers.o)
    0x08003d72   0x00000002   PAD
    0x08003d74   0x00000408   Code   RO          586    i._printf_core      mc_w.l(printf8.o)
    0x0800417c   0x00000026   Code   RO          587    i._printf_post_padding  mc_w.l(printf8.o)
    0x080041a2   0x00000030   Code   RO          588    i._printf_pre_padding  mc_w.l(printf8.o)
    0x080041d2   0x00000002   PAD
    0x080041d4   0x00000014   Data   RO          351    .constdata          system_stm32f10x.o
    0x080041e8   0x00000020   Data   RO          673    Region$$Table       anon$$obj.o


    Execution Region ER_RW (Base: 0x20000000, Size: 0x000000e4, Max: 0xffffffff, ABSOLUTE)

    Base Addr    Size         Type   Attr      Idx    E Section Name        Object

    0x20000000   0x000000c3   Data   RW           12    .data               main.o
    0x200000c3   0x00000001   PAD
    0x200000c4   0x00000004   Data   RW          100    .data               stm32f10x_it.o
    0x200000c8   0x00000004   Data   RW          187    .data               systick.o
    0x200000cc   0x00000014   Data   RW          228    .data               stm32f10x_rcc.o
    0x200000e0   0x00000004   Data   RW          647    .data               mc_w.l(stdout.o)


    Execution Region ER_ZI (Base: 0x200000e4, Size: 0x000002a4, Max: 0xffffffff, ABSOLUTE)

    Base Addr    Size         Type   Attr      Idx    E Section Name        Object

    0x200000e4   0x000000a4   Zero   RW           11    .bss                main.o
    0x20000188   0x00000200   Zero   RW            1    STACK               startup_stm32f10x_hd.o


==============================================================================

Image component sizes


      Code (inc. data)   RO Data    RW Data    ZI Data      Debug   Object Name

       884         14          0          0          0       3780   agv_pwm.o
       396         14          0          0          0       1325   led.o
      2876        336          0        195        164     263514   main.o
       220         20          0          0          0       1801   misc.o
      2462         12          0          0          0       8371   rc522.o
        48         12        304          0        512        912   startup_stm32f10x_hd.o
       812         18          0          0          0       5171   stm32f10x_gpio.o
       976        116          0          4          0       2540   stm32f10x_it.o
       928         44          0         20          0       8832   stm32f10x_rcc.o
       768          6          0          0          0       6314   stm32f10x_spi.o
      3014         16          0          0          0      23876   stm32f10x_tim.o
       880         12          0          0          0       7791   stm32f10x_usart.o
       312         18         20          0          0       1809   system_stm32f10x.o
       200         24          0          4          0       5870   systick.o
       128          6          0          0          0        717   time_test.o
       236         14          0          0          0       2878   usart1.o

    ----------------------------------------------------------------------
     15144        682        356        224        676     345501   Object Totals
         0          0         32          0          0          0   (incl. Generated)
         4          0          0          1          0          0   (incl. Padding)

    ----------------------------------------------------------------------

      Code (inc. data)   RO Data    RW Data    ZI Data      Debug   Library Member Name

         0          0          0          0          0          0   entry.o
         0          0          0          0          0          0   entry10a.o
         0          0          0          0          0          0   entry11a.o
         8          4          0          0          0          0   entry2.o
         4          0          0          0          0          0   entry5.o
         0          0          0          0          0          0   entry7b.o
         0          0          0          0          0          0   entry8b.o
         8          4          0          0          0          0   entry9a.o
        30          0          0          0          0          0   handlers.o
        36          8          0          0          0         68   init.o
        30          0          0          0          0         68   llshl.o
        32          0          0          0          0         68   llushr.o
      1150         54          0          0          0        352   printf8.o
         0          0          0          4          0          0   stdout.o
        98          0          0          0          0         92   uldiv.o

    ----------------------------------------------------------------------
      1404         70          0          4          0        648   Library Totals
         8          0          0          0          0          0   (incl. Padding)

    ----------------------------------------------------------------------

      Code (inc. data)   RO Data    RW Data    ZI Data      Debug   Library Name

      1396         70          0          4          0        648   mc_w.l

    ----------------------------------------------------------------------
      1404         70          0          4          0        648   Library Totals

    ----------------------------------------------------------------------

==============================================================================


      Code (inc. data)   RO Data    RW Data    ZI Data      Debug   

     16548        752        356        228        676     344381   Grand Totals
     16548        752        356        228        676     344381   ELF Image Totals
     16548        752        356        228          0          0   ROM Totals

==============================================================================

    Total RO  Size (Code + RO Data)                16904 (  16.51kB)
    Total RW  Size (RW Data + ZI Data)               904 (   0.88kB)
    Total ROM Size (Code + RO Data + RW Data)      17132 (  16.73kB)

==============================================================================

